00:00 +0: loading D:/code/Flutter_Android/Flutter_Android/AI_LMS_PRD/test/presentation/views/assignment/teacher/widgets/recipient_tree_selector_modal_test.dart
00:00 +0: Test T1: Select fully Class 10A
00:00 +1: Test Cross-Class Leak: Select s1 in 10A should NOT select s1 in 10B

Warning: A call to tap() with finder "Found 1 widget with text "NhĂ³m Alpha": [
  Text("NhĂ³m Alpha", inherit: true, color: Color(alpha: 1.0000, red: 0.0667, green: 0.0784, blue: 0.0941, colorSpace: ColorSpace.sRGB), size: 14.0, weight: 600, height: 1.5x, dependencies: [DefaultSelectionStyle, DefaultTextStyle, MediaQuery]),
]" derived an Offset (Offset(308.3, 572.0)) that would not hit test on the specified widget.
Maybe the widget is actually off-screen, or another widget is obscuring it, or the widget cannot receive pointer events.
The finder corresponds to this RenderBox: RenderParagraph#66da6 relayoutBoundary=up18
The hit test result at that offset is: HitTestResult(RenderPointerListener#ce450@Offset(212.3, 36.0), RenderSemanticsAnnotations#b2e4d@Offset(212.3, 36.0), RenderMouseRegion#9fc36@Offset(212.3, 36.0), RenderSemanticsAnnotations#3ba55@Offset(212.3, 36.0), _RenderInkFeatures#aebc1@Offset(212.3, 36.0), RenderCustomPaint#85862@Offset(212.3, 36.0), RenderPhysicalShape#5b7f5@Offset(212.3, 36.0), RenderConstrainedBox#49a8e@Offset(212.3, 36.0), _RenderInputPadding#310a0@Offset(212.3, 36.0), RenderSemanticsAnnotations#3ffba@Offset(212.3, 36.0), RenderFlex#605b8@Offset(212.3, 36.0), RenderPadding#1dc20@Offset(228.3, 53.0), RenderDecoratedBox#da263@Offset(228.3, 53.0), RenderFlex#2ca85@Offset(228.3, 572.0), RenderPadding#3a2f5@Offset(228.3, 572.0), RenderDecoratedBox#3274a@Offset(228.3, 572.0), _RenderInkFeatures#07bb8@Offset(228.3, 572.0), RenderCustomPaint#4a080@Offset(228.3, 572.0), RenderPhysicalShape#e2aa6@Offset(228.3, 572.0), RenderConstrainedBox#e1326@Offset(228.3, 572.0), RenderPositionedBox#bc2ad@Offset(308.3, 572.0), RenderPointerListener#d1feb@Offset(308.3, 572.0), _RenderBottomSheetLayoutWithSizeListener#7e373@Offset(308.3, 572.0), RenderClipRect#734da@Offset(308.3, 572.0), RenderSemanticsAnnotations#6669a@Offset(308.3, 572.0), RenderPadding#a740d@Offset(308.3, 572.0), RenderRepaintBoundary#32133@Offset(308.3, 572.0), RenderIgnorePointer#c72df@Offset(308.3, 572.0), RenderRepaintBoundary#d7dbb@Offset(308.3, 572.0), RenderSemanticsAnnotations#f5326@Offset(308.3, 572.0), RenderOffstage#44795@Offset(308.3, 572.0), RenderSemanticsAnnotations#e3650@Offset(308.3, 572.0), _RenderTheater#6d760@Offset(308.3, 572.0), RenderAbsorbPointer#d851b@Offset(308.3, 572.0), RenderPointerListener#421b8@Offset(308.3, 572.0), RenderSemanticsAnnotations#cfb00@Offset(308.3, 572.0), RenderCustomPaint#596a6@Offset(308.3, 572.0), RenderSemanticsAnnotations#d2364@Offset(308.3, 572.0), RenderSemanticsAnnotations#66caa@Offset(308.3, 572.0), RenderTapRegionSurface#afbf0@Offset(308.3, 572.0), RenderSemanticsAnnotations#a3c0d@Offset(308.3, 572.0), RenderSemanticsAnnotations#1c753@Offset(308.3, 572.0), RenderSemanticsAnnotations#05e7b@Offset(308.3, 572.0), HitTestEntry<HitTestTarget>#1a1a0(_ReusableRenderView#241ed), HitTestEntry<HitTestTarget>#e064e(<AutomatedTestWidgetsFlutterBinding>))
#0      WidgetController._getElementPoint (package:flutter_test/src/controller.dart:2081:25)
#1      WidgetController.getCenter (package:flutter_test/src/controller.dart:1865:12)
#2      WidgetController.tap (package:flutter_test/src/controller.dart:1045:7)
#3      main.<anonymous closure> (file:///D:/code/Flutter_Android/Flutter_Android/AI_LMS_PRD/test/presentation/views/assignment/teacher/widgets/recipient_tree_selector_modal_test.dart:137:20)
<asynchronous suspension>
#4      testWidgets.<anonymous closure>.<anonymous closure> (package:flutter_test/src/widget_tester.dart:192:15)
<asynchronous suspension>
#5      TestWidgetsFlutterBinding._runTestBody (package:flutter_test/src/binding.dart:1059:5)
<asynchronous suspension>
#6      StackZoneSpecification._registerCallback.<anonymous closure> (package:stack_trace/src/stack_zone_specification.dart:114:42)
<asynchronous suspension>
To silence this warning, pass "warnIfMissed: false" to "tap()".
To make this warning fatal, set WidgetController.hitTestWarningShouldBeFatal to true.

â•â•â•¡ EXCEPTION CAUGHT BY FLUTTER TEST FRAMEWORK â•â•â•â•â•â•â•â•â•â•â•â•â•â•â•â•â•â•â•â•â•â•â•â•â•â•â•â•â•â•â•â•â•â•â•â•â•â•â•â•â•â•â•â•â•â•â•â•â•â•â•â•â•
The following TestFailure was thrown running a test:
Expected: exactly 2 matching candidates
  Actual: _DescendantWidgetFinder:<Found 0 widgets with type "Checkbox" descending from widgets with
type "InkWell" that are ancestors of widgets with text "Student 1": []>
   Which: means none were found but some were expected

When the exception was thrown, this was the stack:
#4      main.<anonymous closure> (file:///D:/code/Flutter_Android/Flutter_Android/AI_LMS_PRD/test/presentation/views/assignment/teacher/widgets/recipient_tree_selector_modal_test.dart:151:7)
<asynchronous suspension>
#5      testWidgets.<anonymous closure>.<anonymous closure> (package:flutter_test/src/widget_tester.dart:192:15)
<asynchronous suspension>
#6      TestWidgetsFlutterBinding._runTestBody (package:flutter_test/src/binding.dart:1059:5)
<asynchronous suspension>
<asynchronous suspension>
(elided one frame from package:stack_trace)

This was caught by the test expectation on the following line:
  file:///D:/code/Flutter_Android/Flutter_Android/AI_LMS_PRD/test/presentation/views/assignment/teacher/widgets/recipient_tree_selector_modal_test.dart line 151
The test description was:
  Test Cross-Class Leak: Select s1 in 10A should NOT select s1 in 10B
â•â•â•â•â•â•â•â•â•â•â•â•â•â•â•â•â•â•â•â•â•â•â•â•â•â•â•â•â•â•â•â•â•â•â•â•â•â•â•â•â•â•â•â•â•â•â•â•â•â•â•â•â•â•â•â•â•â•â•â•â•â•â•â•â•â•â•â•â•â•â•â•â•â•â•â•â•â•â•â•â•â•â•â•â•â•â•â•â•â•â•â•â•â•â•â•â•â•â•â•
00:01 +1 -1: Test Cross-Class Leak: Select s1 in 10A should NOT select s1 in 10B [E]
  Test failed. See exception logs above.
  The test description was: Test Cross-Class Leak: Select s1 in 10A should NOT select s1 in 10B
  
00:01 +1 -1: Some tests failed.
